# serializer version: 1
# name: TestAccessionParse.test_parse_nuccore[AB017504]
  NCBINuccore(accession='AB017504', definition='Wasabi mottle virus genomic RNA, complete genome, isolate: Tochigi', sequence='GTTTAAATTATTGCAACAACAACAACAAATTACAATAATAACAAACAAATACAAACAACAACAACATGGCACAATTTCAACAAACAATTGACATGCAAACACTTCAGGCTGCAGCGGGACGTAACAGCCTGGTCAACGATTTAGCCTCTCGACGTGTTTACGATAACGCGGTCGAGGAGTTAAATGCGCGTTCAAGACGTCCTAAGGTTCATTTCTCCAAGTCGGTGTCGACGGAACAGACACTACTAGCTTCAAACGCTTATCCGGAGTTTGAGATTTCCTTCACTCATACCCAACATGCCGTACATTCACTTGCCGGCGGGTTGCGGTCTCTTGAGCTGGAATATCTCATGATGCAAGTTCCTTTCGGATCTCTGACGTATGACATCGGCGGTAACTTTGCTGCGCACCTTTTTAAGGGTCGTGACTACGTGCACTGCTGTATGCCAAATTTGGACGTTCGCGATATAGCTCGCCATGAAGGACATAAGGAAGCCGTTTTCGGCTACATCTCCCGCTTGAAAAGGCAAAGGAGACCTGTTCCTGAGTATCAGAGAGCTGCGTTCAACAACTACTCGGAGAATCCGCATTTCGTTCATTGTGACCAACCTTTTCAACAGTGTGCCTTAAGTACTGTGAACGGTGACGACACTTATGCTGTTGCCCTTCACAGTATATACGACATTCCTGTTGAGGAGTTCGGTGGTGCGCTACTCAGGAAGAACGTCAAAGTTTGTTATGCGGCTTTCCATTTCCATGAGAATATGCTACTTGATTGTGACACAGTCACTCTTGAGGAGATTGGAGCTACATTTCAACGTGCAGGCGACAAGTTAAACTTTTTCTTCCACAATGAGAGCACTCTCAACTATACCCACAGTTTTAGTAATATAATTAAGTATGTGTGTAAAACTTTTTTCCCCGCCAGTCAGCGGTTTGTGTATCATAAGGAGTTTTTAGTTACAAGAGTCAATACGTGGTATTGTAAGTTCACTAGAGTGGACACTTTTACTCTTTTTCGTGGTGTGTACAAAAATAGTGTCGATAGCGATGAGTTTTATAAGGCTATGGATGACGCATGGGAATACAAGAAGACTTTAGCTATGTTAAATGCCGAGAGGACTATCTTCAAGGATAACGCGGCTATTAATTTTTGGTTTCCGAAGGTCAGAGATATGGTCATCGTTCCTCTTTTCGACGCATCCATCACAACAGGAAGGATGTCTAGAAGAGAAGTTATGGTGAATAAGGATTTTGTTTATACAGTCCTCAACCATATTAAAACATATCAGGCAAAGGCTTTGACTTACGCTAACGTACTGTCCTTTGTAGAGTCTATCAGGTCGAGAGTCATAATTAATGGGGTCACAGCTAGGTCTGAGTGGGATACGGATAAGGCAATTCTAGGTCCGTTAGCAATGACCTTTTTCCTTGTTACAAAGTTAGGTCATGTCCAGGATGAAATAGTCCTGAAGAAGTTCCAAAAGTTTGATTCGACCGCCAAAGAGCTGATTTGGACTAGTCTCTGCGATGCCCTGATGGGGGTTATACCCTCGGTCAAAGAGACGTTAGCACGTGGTGGTTTTGTCAAACTCGCTGAAGAGAGTTTGGAGATCAAGATTCCAGAACTGTATTGCACTTTCACAGACAGGTTAGTGCTGGAGTACAAAAGAGCTGAAGAGTTCAAGTCTTGTGATCTGTCTAAACCGTTAGAAGAGTCGGAGAAATACTACAACGCTTTATCCGAGCTGTCTGTGCTCGAGAACCTCGACTCTTTTGACTTGGAAGCCTTTAAAGAGTTGTGCCAGAAGAAAAGCGTTGATCCAGATGTCGCTGCAAAGGTGGTGGTGGCGATAATGAAAAGTGAGTTGACGTTACCGTTCAAGAAACCTACTGAGGAAGAAATCGCGGAGTCGCTTAGCAATGATACAACACGGAATGAGGGTTTGAGTCTGAGTAACACCGCACCTTTCCCGTGTGTGAGCAATCTCGAGGGAGGGTTGGTGCCAGCGTGCGGGCTGTGTCCGAAAAGTGGTGGTTTCGACAAGATTGATATGGATATATCTGAGTTCCATCTCAAGAGTGTAGATGCAGTTAAAAAAGGGGCTATGATGTCAGCGGTGTACACAGGGAACATCAAGGTTCAGCAGATGAAGAACTTTGTAGATTACCTAAGTGCGTCACTGTCAGCTACTGTCTCAAATCTCTGTAAGGTGCTTAGAGATGTTCATGGGGTAGATCCAGAGTCACAGGAGAAATCCGGAGTGTGGGATGTGAGAAGAGAACGATGGTTACTAAAACCTAACGCGAAATGTCACGCGTGGGGAGTTGCGGAAGATGCCAATCACAAGTTGGTTATCGTGTTACTTAACTGGGATGATGGAAAACCTGTCTGCGATCAGACATGGTATCGATTGGCGGTGTCAAGTGATTCTTTGGTGTATTCCGATATGGGGAAACTTAAAACGTTGACGTCGTGCTGTGTGGATGGCGAACCTCCAGAGCCTAAGGCCAAGGTGGTTCTTGTTGATGGAGTTCCAGGATGTGGAAAAACGAAGGAAATTCTGGAGAAGGTTAACTTCTCCGAAGATTTGGTTTTAGTCCCTGGAAAGGAGGCGTCGAAGATGATTATACGACGAGCGAACCAGGCAGGAGTTACGAGAGCTGATAGGGATAACGTGAAAACAGTGGATTCCTTCTTAATGCACCCTCCAAAGAGGGTATTTAAGAGGTTGTTCATTGATGAAGGATTAATGCTGCATACCGGTTGTGTCAACTTTTTGACGCTAATTTCGCAATGCGATATAGCATACGTCTACGGCGACACACAACAGATTCCCTTTATTTGTAGGGTTGCAAATTTTCCGTATCCCAAACATTTTGCAAGACTTGTCGTTGATGAAAAGGAAGACAGAAGGATAACGCTCAGATGCCCTGCAGACGTCACTTTTTTCCTTAACAAGAAATATGACGGCTCAGTGTTGTGTACTAGCAGTGTGGAAAGATCGGTCAGTGCGCAGGTTGTGAGAGGGAAAGGTGCATTAAACCCGATAACTTTACCGTTAGAGGGAAAAATTTTAACCTTCACGCAGGCCGACAAGTTCGAGTTACTAGACAAAGGCTACAAAGATGTGAATACGGTCCATGAGGTTCAAGGGGAAACATATGAAAAAACAGCTATTGTTCGGTTAACGGCTACTCCGTTGGAGATCATATCTAGGGCGTCACCTCATGTTTTGGTGGCGCTGACGAGACACACGACTAGTTGTAAATATTTTACAGTCGTGTTGGATCCTTTAGTGAGTGTGATTTCTGAGATGGAGAAGTTGTCCAATTTCATCCTTGACATGTACAAGGTGGAGTCGGGAACCCAATAGCAATTACAGATCGATGCGGTGTTCAAAGGGGTCAACTTAAATGTTCCGACGCCAAAGTCAGGAGATTGGAGAGACATGCAGTTTTATTACGACACTCTTCTTCCCGGTAACAGCACTATTCTTAACGAGTTTGATGCTGTTACCATGAATTTGAGGGATATATCCCTAAATGTCAAAGATTGCAGAATCGACTTCTCTAAATCCGTGCAAGTGCCCAAAGAAAAACCAGTTTTCTTAAAACCCAAGATAAGAACTGCGGCAGAAATGCCGAGAACTGCTGGGTTAATAGAGAATTTGGTTGCAATGATCAAGAGAAATATGAATGCACCGGATTTGACTGGGACGATAGATATAGAGGACACTGCATCACTGGTGGTTGAAAAGTTTTGGGACTCGTACATCATAAAGGAGTTCAGCGGAATTGAGGGGATGGCAAAGACAAGGGAAGGTTTTTCTAGATGGCTTTCTAAACAAGAGTCGTCTACGGTCGGTCAGTTAGCGGATTTTAACTTTGTGGATTTGCCTGCAGTTGATGAGTACAAGCATATGATCAAGAGTCAGCCTAAGCAAAAGTTAGACTTGAGTATTCAAGATGAATATCCTGCTTTGCAGACGATAGTCTACCATTCAAAAAAGATCAATGCAATTTTCGGTCCTATGTTTTCAGAACTTACGAGAATGCTTCTTGAAAGAGTTGATACATCTAAGTTTCTGTTTTACACTAGGAAAACGCCAACTCAGATTGAGGAATTTTTCTCAGACCTCGATTCGTCGCAAGCAATAGAAATTTTGGAACTCGACGTTTCAAAGTACGACAAGTCTCAGAACGAGTTCCATTGTGCTGTGGAATACAAGATATGGGAGAAGCTTGGAATAGACGAGTGGTTGGCAGAGGTGTGGCGACAAGGGCACAGGAAAACGACGTTGAAAGACTATACGGCCGGGATCAAAACGTGTTTGTGGTATCAGAGGAAAAGCGGTGATGTAACTACCTTTATTGGGAACACCATCATCATCGCTGCGTGCTTAAGTTCTATGATTCCGATGGAAAAGGTGATTAAAGCAGCATTCTGCGGTGACGACAGTTTGATTTATATTCCGAAAGGTTTAGATCTGCCGGATATTCAAGCTGGAGCCAACCTGACGTGGAATTTCGAGGCGAAGCTCTTTAGGAAAAAGTATGGTTATTTGTGCGGTCGATATGTAATCCACCATGATAGAGGAGCTATTGTATATTACGATCCACTTAAGCTAATATCTAAGTTAGGTTGTAAACATATAAAGGATGAGGTCCATTTAGAAGAGTTACGTAGGTCTCTGTGTGATGTAGCTAGTAACTTAAATAATTGTGCGTATTTTTCTCAATTAGATGAGGCCGTTGCCGAGGTTCATAAAACCGCGGTTGGCGGATCGTTTGCTTATTGTAGTATAATTAAATACTTGTCAGATAAAAGGTTGTTTAAAGATTTGTTTTTTGTTTGATAATGTCGACCGTGTCGTACAAGCCTAAGGTGAGTGACTTTCTTACTCTTTCGAGAACGGAGGAAATTTTACCGAAAGCTTTAACGAGATTGAAGACTGTGTCTGTAAGTACTAAGGATGTCATATCAGTTAAGGAATCTGAGTCTTTGTGTGATATAGATTTGTTAGTTAATGTGCCATTAGATAAGTTTAGATACGTGGGTATTCTAGGAGTTGTTTTTACTGGCGAGTGGCTTATTCCGGATTTCGTTAAGGGTGGTGTAACGGTGAGTGTGATTGACAAGCGTCTGGAGAACTCGAAGGAGTGTATAATTGGTACGTACAGAGCTGCTGCTAAGGACAGAAGGTTTCAGTTTAAGCTGGTGCCTAACTACTTTGTGTCTGTAACGGACGCTAAGAGAAAACCGTGGCAGGTTCATGTGCGTATTCAAAACCTGAAGATTGAAGCTGGATGGCAACCGTTGGCTCTGGAAGTTGTTTCCGTAGCTATGGTTACAAACAATGTGGTTGTGAAGGGTTTAAGAGAAAGAGTCATCGCTGTAGATGATCCGAACGTTGAGGGTTTCGAAGGTGTAGTTGACGAATTCATCGATTCGGTTGCAGCATTTAAAGCGGTTGACAATTTCAGGAAAAAGAAAAAGAAGATTGGAGGAAGGGATGTGATTAGTAAGTATAAGTATAGACCAGAGAAGTACGCCGGTCCTGATTCGTTACTTAATAAAGAAGAAAATGTCATACAACATCACGAACTCGAATCAGTACCAGTTTTTCGCAGCGGTATGGGCGGAGCCCATAGCAATGCTTAACCAGTGCGTATCTGCGTTGTCACAGTCGTATCAGACACAAGCTGCGAGAGATACTGTCAGACAGCAATTCTCGAACTTGTTAAGTGCGATTGTGACACCGAACCAGCGGTTTCCAGAAACAGGATACCGGGTGTATGTTAATTCAGCAGTTCTAAAACCGTTGTACGAGGCTCTTATGAAGTCTTTTGATACTAGAAATAGGATCATTGAGACCGAAGAAGAGTCGCGTCCTTCGGCTTCCGAAGTAGCCAATGCAACACAACGTGTTGACGATGCGACCGTGGCCATCAGGAGTCAAATTCAGCTTTTGCTGAGTGAGCTTTCCAGTGGACATGGTCTTATGAACAGGGCAGAGTTTGAGGTTTTAATACCTTGGGCTACTGCGCCGGCTAAATAGGCGTGGTGCACACGATAGTGCATAGTGTTTTCCTCTCCACTTAAATCGAAGAGGTATTCTTACGGTGTAAATCCGTAAGGGTGGCGTAAACCAAATTACGTAATGTTTTGGGTTCCATTTAAATCGAAACCCGTTATTTCCTGGATCACCTGTTAACGCACGCTTGGCGTGTATTACAGTGGGAATAACTAAAAGTGAGAGGTTCGAATCCTCCCTAACCCCGGGTAGGGGCCCA', source=NCBISource(taxid=1169032, host='', segment='', isolate='Tochigi', strain='wasabi', clone=''), comment='')
# ---
# name: TestAccessionParse.test_parse_nuccore[MH200607]
  NCBINuccore(accession='MH200607', definition='Wasabi mottle virus isolate pLX-WMoV 6.3, complete genome', sequence='GTTTAAATTATTGCAACAACAACAACAAATTACAATAATAACAAACAAATACAAACAACAACAACATGGCACAGTTTCAACAAACAATTGACATGCAGACACTTCAGGCTGCAGCGGGACGTAACAGCCTGGTTAACGATTTAGCCTCTCGACGTGTTTACGATAACGCGGTCGAGGAGTTAAATGCGCGTTCAAGACGTCCTAAGGTTCATTTCTCCAAGTCGGTGTCGACGGAACAGACACTACTAGCTTCAAACGCATATCCGGAGTTTGAGATTTCCTTCACTCATACCCAACATGCCGTACATTCACTTGCCGGCGGGTTGCGGTCTCTTGAGCTGGAATATCTCATGATGCAAGTTCCTTTCGGATCTCTGACGTATGATATCGGCGGTAACTTTGCTGCGCACCTTTTTAAGGGTCGTGACTACGTGCACTGCTGTATGCCAAATTTGGACGTTCGCGATATAGCTCGCCATGAAGGACATAAGGAAGCCGTTCACGGCTACATCTCCCGCTTGAAAAGGCAAAGGAGACCTGTTCCTGAGTATCAGAGAGCTGCGTTCAACAACTACTCGGAGAATCCGCATTTCGTTCATTGTGACCAACCTTTTCAACAGTGTGCCTTAAGTACTGTGAACGGTGATGACACTTATGCTATTGCCCTTCACAGTGTATACGACATTCCTGTTGAGGAGTTCGGTGGTGCGCTACTCAGGAAGAACGTCAAAGTTTGTTATGCGGCTTTCCATTTCCATGAGAATATGCTACTCGATTGTGACACAGTCACTCTTGAGGAGATTGGAGCTACATTTCAACGTGCAGGCGACAAGTTAAACTTTTTCTTCCACAATGAGAGCACTCTCAACTATACCCACAGTTTTAGTAATATAATTAAGTATGTGTGTAAAACCTTTTTTCCCGCCAGTCAGCGGTTTGTGTATCATAAGGAGTTTTTAGTTACAAGAGTCAATACGTGGTATTGTAAGTTCACTAGAGTGGACACTTTTACTCTTTTTCGTGGTGTGTACAAAAACAGTGTCGATAGCGATGAGTTTTATAAGGCTATGGATGACGCATGGGAATACAAGAAGACTTTAGCTATGTTAAATGCCGAGAGGACTATCTTCAAGGATAACGCGGCTATTAATTTTTGGTTTCCGAAGGTCAGAGATATGGTCATCGTTCCTCTTTTCGACGCATCCATCACAACAGGAAGGATGTCTAGAAGAGAAGTTATGGTGAATAAGGATTTTGTTTATACAGTCCTCAACCATATTAAAACATATCAGGCAAAGGCTTTGACTTACGCTAACGTACTGTCCTTTGTAGAGTCTATCAGGTCGAGAGTCATAATTAATGGGGTCACAGCTAGGTCTGAGTGGGATACGGATAAGGCAATTCTAGGTCCGTTAGCAATGACTTTTTTCCTTGTTACAAAGTTAGGTCATGTCCAGGATGAAATAGTCCTGAAGAAGTTCCAAAAGTTTGATTCGACCGCCAAAGAGCTGATTTGGACTAGTCTCTGCGATGCCCTGATGGGGGTTATACCCTCGGTCAAAGAGACGTTGGCACGTGGTGGTTTTGTCAAACTCGCTGAAGAGAGTTTGGAGATCAAGATTCCAGAACTGTATTGCACTTTCACAGACAGGTTAGTGCTGGAGTACAAAAGAGCTGAAGAGTTCAAGTCTTGTGATCTGTCTAAACCGTTAGAAGAGTCAGAGAAATACTACAACGCTTTATCCGAGCTGTCTGTGCTCGAGAACCTCGACTCTTTTGACTTGGAAGCCTTTAAAGAGTTGTGCCAGAAGAAAAGCGTTGATCCGGATGTCGCTGCAAAGGTGGTGGTGGCGATAATGAAGAGTGAGTTGACGTTACCGTTCAAGAAGCCTACTGAGGAAGAAATCGCAGAGTCGCTTAGCAATGATACAATACGGAATGAGGGTTTGAGTCTGAGTAATACCGCACCTTTCCCGTGTGTGAGCAATCTCGAGGGAGGGTTGGTGCCAGCGTGCGGGCTGTGTCCGAAAAGTGGTGGTTTCGACAAGATTGATATGGATATATCTGAGTTCCATCTCATGAGTGTAGATGCAGTTAAAAAAGGGGCTATGATGTCAGCGGTGTACACAGGGAACATCAAGGTTCAGCAGATGAAGAACTTTGTAGATTATCTAAGTGCGTCACTGTCAGCTACTGTCTCAAATCTCTGTAAGGTGCTTAGAGATGTTCATGGGGTAGATCCAGAGTCACAGGAGAAATCCGGAGTGTGGGATGTGAGAAGAGGACGATGGTTACTAAAACCTAACGCGAAATGTCACGCGTGGGGAGTTGCGGAAGATGCCAATCATAAGTTGGTTATCGTGTTACTTAACTGGGATGATGGAAAACCTGTCTGCGATCAGACATGGTATCGATTGGCGGTGTCTAGTGATTCTTTGGTGTATTCCGATATTGGGAAACTTAAAACGTTGACGTCGTGCTGTGTGGATGGCGAACCTCCAGAGCCTAAGGCCAAGGTGGTTCTTGTTGATGGAGTTCCAGGATGTGGAAAAACGAAGGAAATTCTGGAGAAGGTTAACTTCTCTGAAGATTTGGTTTTAGTCCCTGGAAAGGAGGCGTCGAAGATGATTATACGACGAGCGAACCAGGCAGGAGTTACGAGAGCTGATAGGGATAACGTGAGAACAGTGGATTCTTTCTTAATGCACCCTCCAAAGAGGGTATTTAAGAGGTTGTTCATTGATGAAGGATTAATGCTGCATACCGGTTGTGTTAACTTTTTGACGCTGATTTCGCAATGCGATATAGCATACGTCTACGGCGACACACAACAGATTCCCTTCATTTGTAGGGTTGCAAATTTTCCGTATCCCAAACATTTTGCAAGACTTGTCGTTGATGAAAAGGAAGACAGAAGGATAACGCTCAGATGCCCTGCAGACGTCACTTTTTTCCTTAACAAGAAATATGACGGCTCAGTGTTGTGTACCAGCAGTGTGGAAAGATCGGTCAGTGCGCAGGTTGTGAGAGGGAAAGGTGCTTTAAACCCGATAACTTTACCGTTAGAGGGGAAAATTTTAACCTTCACACAGGCCGACAAGTTCGAGTTACTAGACAAAGGCTACAAGGATGTGAATACGGTCCATGAGGTTCAAGGGGAAACATATGAAAAAACAGCTATTGTTCGGTTAACGGCAACTCCGTTGGAGATCATATCCAGGGCGTCACCTCATGTTTTGGTGGCGCTGACGAGACACACGACTAGTTGTAAATATTTTTCGGTCGTGTTGGATCCTTTAGTGAGTGTGATTTCAGAGATGGAGAAGTTGTCCAATTTCATCCTTGACATGTACAAGGTGGAGTCGGGAACCCAATAGCAATTACAGATCGATGCGGTGTTCAAAGGGGTCAACTTAAATGTTCCGACGCCAAAGTCAGGAGATTGGAGAGACATGCAGTTTTATTACGACACTCTTCTTCCTGGTAACAGCACTATTCTTAACGAATTTGATGCTGTTACCATGAATTTGAGGGATATATCCTTAAATGTCAAAGATTGCAGAATCGACTTCTCTAAATCCGTGCAAGTGCCCAAAGAAAAACCAGTTTTCTTAAAACCCAAGATAAGAACTGCGGCAGAAATGCCGAGAACTGCGGGGTTAATAGAGAATTTGGTTGCAATGATCAAGAGAAATATGAATGCACCGGATTTGACTGGGACGATAGATATAGAGGACACTGCATCACTGGTGGTTGAAAAGTTTTGGGATTCGTATATCATAAAGGAGTTCAGCGGAATTGAGGGTATGGCAAGGACAAGGCAAGGTTTTTCAAGATGGCTTTCTAAACAAGAGTCGTCTACGGTCGGTCAGTTAGCGGATTTCAACTTTGTGGATTTGCCTGCAGTTGATGAGTACAAGCATATGATCAAGAGTCAGCCTAAGCAAAAGTTAGACTTGAGTATTCAAGATGAATATCCTGCTTTGCAGACGATAGTCTACCATTCAAAGAAGATCAATGCAATTTTTGGTCCTATGTTTTCAGAACTTACGAGAATGCTTCTTGAAAGAGTTGATACATCTAAGTTTCTGTTTTACACTAGGAAAACGCCGACTCAGATTGAGGAATTTTTCTCAGACCTCGATTCGTCGCAAGCAATGGAAATTTTGGAACTCGACATTTCAAAGTACGACAAGTCTCAGAACGAGTTCCATTGTGCTGTGGAATACAAGATATGGGAGAAGCTTGGAATAGACGAGTGGTTGGCAGAGGTGTGGCGACAAGGGCACAGGAAAACGACGCTGAAAGACTATACGGCCGGGATCAAAACGTGTTTGTGGTATCAGAGGAAAAGCGGTGATGTAACTACCTTTATTGGGAACACCATCATCATCGCTGCGTGCTTAAGTTCTATGATTCCGATGGAAAAGGTGATTAAAGCAGCATTCTGCGGTGACGACAGTTTGATTTACATTCCGAAAGGTTTAGATCTGCCGGATATTCAAGCTGGAGCCAACCTAACGTGGAATTTCGAGGCGAAGCTCTTCAGGAAAAAGTATGGTTATTTCTGCGGTCGATATGTAATCCACCATGATAGAGGAGCTATTGTATATTACGATCCACTTAAGCTAATATCTAAGTTAGGTTGTAAACATATAAAGGATGAGGTCCACTTAGAAGAGTTACGTAGGTCTCTGTGTGATGTAGCTAGTAACTTAAATAATTGTGCGTATTTTTCTCAATTAGATGAGGCCGTTGCCGAGGTTCATAAAACCGCGGTTGGCGGATCGTTTGCTTATTGTAGTATAATTAAATACTTATCAGATAAAAGGTTGTTTAAAGATTTGTTTTTTGTTTGATAATGTCGACCGTGTCGTACAAGCCTAAGGTGAGTGACTTCCTTGCTCTTTCGAGAACAGAGGAAATTTTACCGAAAGCTTTAACGAGATTGAAGACTGTGTCTATAAGTACTAAGGATGTCATATCAGTTAAGGAGTCTGAGTCTTTGTGTGATATAGATTTGTTAGTTAATGTGCCATTAGATAAGTTTAGATACGTGGGTATTTTAGGAGTTGTTTTTACTGGCGAGTGGCTTATTCCGGATTTCGTTAAGGGTGGTGTGACGGTGAGTGTGATTGATAAGCGTCTGGAAAACTCGAAGGAGTGTATAATTGGTACGTACAGAGCTGCTGCTAAGGACAGAAGGTTCCAGTTTAAGCTGGTGCCTAACTACTTTGTGTCTGTAACGGACGCTAAGAGAAAACCGTGGCAGGTTCATGTGCGTATTCAAAATCTGAAGATTGAAGCTGGATGGCAACCGTTGGCTCTGGAAGTTGTTTCCGTAGCTATGGTTACCAACAATGTGGTTGTGAAGGGTTTAAGAGAAAGAGTCATCGCTGTAGATGATCCGAACGTTGAGGGTTTCGAAGGTGTAGTTGACGAATTCATCGATTCGGTTGCAGCATTTAAAGCGGTTGACAATTTCAGGAAAAAGAAAAGGAAGATTGGAGGAAGGGATGTGATTAGTAAGTATAAGTATAGACCAGAGAAGTACGCCGGTCCTGATTCGTTACTTAATAAAGAAGAAAATGTCATACAACATCACGAACTCGAATCAGTACCAGTTTTTCGCAGCGGTATGGGCGGAGCCCATAGCAATGCTTAACCAGTGCGTATCAGCGTTGTCACAGTCGTATCAGACACAAGCTGCGAGAGATACTGTCAGACAGCAATTCTCGAACTTGTTAAGTGCGATTGTGACACCGAACCAGCGGTTTCCAGAAACAGGATACCGGGTGTATGTTAATTCAGCAGTTCTAAAACCGTTGTACGAGGCTCTTATGAAGTCTTTTGATACTAAAAATAGGATCATTGAGACCGAAGAAGAGTCGCGTCCTTCGGCTTCCGAAGTAGCCAATGCAACACAACGTGTTGACGATGCGACCGTGGCCATCAGGAGTCAAATTCAGCTTTTGCTGAGTGAGCTTTCCAGTGGACATGGTCTTATGAACAGGGCAGAGTTTGAGGTTTTAATACCTTGGGCTACTGCGCCGGCTAAATAGGCGTGGTGCACACGATAGTGCATAGTGTTTTCCTCTCCACTTAAATCGAAGAGGTATTCTTACGGCGTAAATCCGTAAGGGTGGCGTAAACCAAATTACGTAATGTTTTGGGTTCCATTTAAATCGAAACCCGTTATTTCCTGGATCACCTGTTAACGCACGCTTGGCGTGTATTACAGTGGGAATAACTAAAAGTGAGAGGTTCGAATCCTCCCTAACCCCGGGTAGGGGCCCA', source=NCBISource(taxid=1169032, host='Eutrema japonicum', segment='', isolate='WMoV-6.3', strain='', clone=''), comment='')
# ---
# name: TestAccessionParse.test_parse_nuccore[MT240513]
  NCBINuccore(accession='MT240513', definition='Babaco mosaic virus isolate AC2-6 coat protein gene, complete cds', sequence='ATGAGTGGAAAATCAGAGTCATCCAACACTGGAAACCCCCCCTTCCCAAACCTCACCAAAGAGACAATGGCCAGATTCAACTTCAAACCGAGCTCTAACTTGCTGCCCAGCGAGGACGAGCTTAAGACCATATCCACATTACTGGTGGCGGCCAAAATACCGAGTGCAAGTACCACCATTGCTGCAATGGACTTGGTCAACTTCTGCTATGACAATGGGTCCAGTGTGTACACGGTAATTTCCGGAGAATCTTCAGTTACCGGCATCACCCTGGCTCAGATTGCTAGCATTGTCAAGGCTTCAGGCACCTCATTACGAAAATTCTGCCGATTCTTTGCACCAGTGATCTGGAACCTGAGGACTGACAAAGTGCCCCCCGCCAACTGGGAGAGTGCTGGGTACAAACCAACCGAAAAATTCGCCGCCTTTGATTTCTTCGACGGCGTTGAAAACCCAGCCGCCATGCAACCACCGGGAGGGCTCATTCGGTCTCCAAACCAAGCGGAGAGAATAGCCAACCAAACCAACAAACAGGTGAACCTCTTCCAAACTGCAGCCCAGGGGAATAACTTGGCCTCCAATTCTGCATTCATAACCAAGGGGCAGATCTCGACGTCCACTCCATCCATCCAGTTTCTTCCGTCTCCAGAGTAG', source=NCBISource(taxid=2060511, host='Vasconcellea cundinamarcensis', segment='', isolate='AC2-6', strain='', clone=''), comment='##Assembly-Data-START## ; Sequencing Technology :: Sanger dideoxy sequencing ; ##Assembly-Data-END##')
# ---
# name: TestAccessionParse.test_parse_nuccore[NC_036587]
  NCBINuccore(accession='NC_036587', definition='Babaco mosaic virus isolate Tandapi, complete genome', sequence='GAAAAGCAAAGCAACTCAGCTCAACTCTCCACAAGAGAAATCAAAAGAAGTGCAAACCATTCGCGGCCCTCGAGGTGATCAATTACCCATCAAGGCTAGATCAACGGGATGGCTAACTTCAGAGCTGTTATGGACCAATTAAATGACCCCTCACTTAGAGCAGTAGTTCAAGAGGAGGCCTACAGAGAAATTAGGAAAACCATAGAAGTAACTAAAACATACAACCCATATGCACAGTCTTCGTTAGCAGCTGATTCATTAGAAAAATTAGGAATAGAAACTAACCCGCTCGCTGTAAGAGCTCACACTCACGCAGCAGCCAAATCAATAGAATTAGACATGTACAAAATAGCTTCCCATTATCTCCCGAAGGAGAATCCGGTAACGTTCCTCTTCATGAAAAGGGCTAAACTTCAATATTTCAGGAGAGGACCCCAACAGAACGACGTATTCTTAAATGCCCACGTTGAGCCCAAAGATGTGGTAAGATACGACCCGGACGATCTATTCGACGCAGACACAACACCCAAAATCCAAACGTCAGTAGCTTTCATGGGTGATGCTCTTCATTACTTCCCTCTAAGCGTGATCAACAAAATCTTCACAGCTTCCCCAAAACTCAAAACTTTGTACGCCACGTTGGTTTTACCAGCTGAGGCCGCTCACAGGATGCACTCATTACATCCAAGCATATATGAGCTCCAGTTCCACGAAGAGAATTTTTTGTACAAACCAGGAGGACACGCGGGTGCTGCATACTGCCACACATACAAGCAGCTTGAGTGGCTCCAAGTGGGAAGATTTCGATGGGAAACCGCCTCAGGCGAGGAAAGGAATGTCACTTCTCAAATACTGGAAACTAAAGGAGCAAACCACCTCATGGTCTTCCAGAGAGGATTGTACAACACACCGACCCTGAGGTGCTTCGGCGTCGAAACAAAATATGTGACCATGCCTCCCATTTTCCTACCAGCTAAATTCAACGCTCGACTGCCCATAAGAAAAACTGTCGCCCAACAACTCTTTCTCTACGTAAAATCTGTCAAGTCTGTGACCGAAAGAGATATATGGGCAAAAATCAGGCAACTCATCAAAACGGCTGACTTACAGGAATACTCCTCAAAGGAACTGACTTTGCTGGTAAACTATTTCTTTCTAATCTCAAAACTGAAGTCAGAAACATGCTTCGACAGCATCTTATCGGGGGGAATGATCAAGAGAGTGTTCAAACCTCTCATATCCTGGATCAATGAGAAGAAAGGTTTCATATTTGGAAAAGATCAGTTCATTCAGCTCATGGAAGCCTTGGAGTGGGTAGAAATCGACCTTACTTATAAGACAAAAACTTTCGATGAACCCAACGACAAATCAAGCTTCAACCCGATGGGATACCTGCCGTTGAAAGACGAGGAAGGCCTACCCGGGCTACAAGAGAGCAGCTCAGATCAACCTCAGGCTACCGAGGAGGATCAAGTGGCCTACGACAAATACCTCAAGGCACTAAGCAGGCTACAAGCGAGTGACGAGTCAGAGGAAAGAGAATCAGGCCCCCCCCCAAGCAATAGCGAGAGTGAGGCATCCAGTTCAGGAGGAAACCAAGCTGAAGAAACTAACAGCTGCCCACCAAACTCAACAGAAAAGAGCAGAGGTCTGGATGCAATACTGTGCCCATGTGGACTCTCAATACCCTTAGGAAAGGCAAAGTTTCCTGAAATTCCAGTTTTGGAACATCCCGAGAGACTCAAGGGAAGAGATGCCTTCTTCTTCTCAAAGGACAACAAGCCTTACTCCTACACAGGAGGGAGCCATCATTCAAGAGGCTGGCCATCTTGGCTAGACTCAATTCTGGCAGCAGTGGAAGTCCAGGAAACGATGCCAAATTTCAACCAATGCTTAGTCCAAAAGTTTTCCGCCAGAAGCTCAATCCCATTTCACAGGGATGATGAGAAGTGCTATCCCAAGGGGCACCAAGTCCTCACTGTAAACTTGAAAGGAACATGCACCTTCAAAATATGCTGTGACAGAGGGGTAGGAACAGCCAACCTGGAGGAAGGCACTTACCACTTATCCCCACCAGGCTTTCAGGAGAACCACAGGCATGCAGTGGAAGGGTGCTCAGCTGGCAGAGTTTCATTGACATTCAGATCAACTGCGATACAAGAACAACACTCTGAAGGCCTAGTCGCAGCCCCACTCGACTCACTTCCCTGGAAAGCATGGATACCAAAGCTCCAAGAATTAGGATTCCAGGGCAGACAACTGCAATATGATTGCAACGGTGCACTAATAAGCCCCATCGAACAGATCCAATCGATGGAAAAGACAAGGCCAAAGGGAGTTCCGGCTAGCCTTCTCACTTGCTTGGAAAAGATTGCTAGGGCACCAACCCACTTCTCCCCAAGTCCAATAAGAGCTAAAGCTTATTCCTCAGATGTGAAGAATGCGAGGATTGGAGCTATGCTGAAACAGCAAGGAAAGGATTGGGGGCACAGATTTGACGCGCTAGTCGAAGCTGGAAAGAGATCACTCCATATCTCGGTAATTCACGGAGCGGGTGGGTCAGGAAAGTCCCGCGCAATCCAAAACTACATTAAGGAGCACACAAAAGAGCCAGTCCAAGTAATCCTGCCCACCAATGAGCTAAGAATCGACTGGATGAGAAAAGTCCCGACCTTGAAGGAGACGATGTGCAAAACATTCGAGAAAGCACTGCTGGCTCCGCCCACACCAGTAGTCATATTTGATGACTACGGGAAGCTACCAGCAGGATACATAGAGGCCTTTTGCTTCTTCTTCTCCACTGTGGAGTTGGTCATACTAACTGGAGACTCAAAACAAAGCACACATCATGAGTCCAATGAGAACGCAATGACCAACCTGATCGAACCCTTCACATCGGAAGCTAGCAAACTGTGCAGATACTATGTGAACGCCACCCACAGAAACAAAAAAGATTTAGCCAACAAATTGGGCGTGTACTCAGAGGTTTCAGGCTTCACAGAAATTACGCACAGCTCCAGTCCAATTCCCGGGTTACACATCCTAGTGCCCTCTCTGTACAAAAAACAGGCTTTCTCAGAAATGGGACACAAAGCCTCCACCTATGCAGGGTGCCAAGGAATCACAGCACCCAAAGTCCAAATCCTGCTGTCTGAGGAGACAACTTTGTGCTCTAAAGAAGTGTTGTACACAGCACTGTCCAGGGCAGTGCACTCAATTCACTTCATCAACACTTCTCCCAACAACCAATCGTTCTGGAAAAAGCTGGAGAGCACCCCTTATCTGAAAGCCTTTCTCTCCACATTGAGAGAGGAAACAGCCCAAGAATCCAAACCAGCCCAAGGTGATCCGACTGCAGTTGATCCACCAAAGACACACATTCCAGTTGACTCAGCTCTGCCAATATACGAAAATATCTTGGATTCGATGCCAGAAAAACATGAAAGAGAGATATTTTCGAAGAGTCATGGGCACAGCAACTGCGTGCAAACAGAGGACTCATTTGTGCAGATGTTCTCACATCGGCAAGCAAAAGATGAAACCTTACTTTGGGCCACAATAGAAGCCAGACTTGTGGTCTCAAACCCCAAGTCGAATTGGCAAGAGTATCTAGAGAAGAAGCCAATAGGTGATGTACTCTTCGAGTCCTACAAGAAGGCTATGAAGTTGCCAGCTGAAAGAATTGCTTTTGAGCCTCAATTATGGGAATCGTGCATTCATGAAGTCCAAGGCACGTATCTGAAGAAAAGTGAGGACATGATCAAAAATGGTCAAGCTAGACAATCTCCCGATTACGACCCCAATCTCATATCGCTCTTCTTGAAGTCACAATGGGTGAAGAAAATGGAAAAATTGGGAGCGCTGAAAATAAAGCCAGGTCAGACCATAGCTTCTTTTCAACAAGCCACGGTCATGCTCTTCGGAACCATGGCTAGGTATATGAGAAGGATGAGGGAGGTCTTCATGCCAAAAAATATACTGATTAACTGCGAGACGACCCCAGAAAGCATGTCATCATGGGCTGCTGGAGAAGGAGGGTGCTGGAGCTTCAAAGGTCCCTCACTAGCCAATGACTTCACTGCGTTTGATCAATCCCAAGATGGAGCAATGCTGCAATTTGAGATATTGAAGGCCAAACATCACTCAATACCTGAGGATATCCTGGATGCCTACATCTCAATCAAAACCAATTCAAAAATCTTCTTGGGGACTCTAGCCATAATGCGTCTCACTGGAGAGGGTCCAACATTTGACGCAAACACGGAGTGCAACATAGCCTTCACCCACACAAAATTCCAAATACCAGATGGGACGGCTCAAATATATGCGGGAGATGACTCGGCAATTGATGCACTGCCCGTGGTGAGAAAAAGCTTCAAGCAAATTGAGAACAAGCTCACCCTAAAGTCAAAACCTCTGGTGGCCCTGCAACAGAAAGGAGACTGGGCTGAATTCTGTGGTTACAGGATAACTCCAGCAGGTTTCATCAAAGATCCAAAGAAATTGCACGCATCACTGATGTTAGAAGTTAAAAAGAAAAACATTAAAAATGTCAGAAGATCTTATGAGTTGGATCTAGCTCTTGCGTACCAACATAGAGACCGACTCCATGAACTGCTGTCTGAGGAGGAGCTGCGCTTTCATTACGAAACGGTTCGAACGCTGGTTAAGTCAGGAGGTGGGGAGGTTTTGAAAACATTCCTTCCCAAAGATGAATCACTTTATTGAAGTTCTCACAGCTCAGGGTTTCGTCAGGACTAACGAACCCATCAGTGAGCCACTAGTTGTCCATGCTGTTGCTGGCGCCGGGAAATCTTCCCTCGTGCGGCAATACATCTCCGAAAATCCAAACTCTAGAGCTTTCACACACGGCGTACCCGACCCACCCAACTTGACAGGTCGATTCATCCGCCCCTTCAGAGGCCCAATTGAGGGTTGCTTCAACATCCTGGACGAGTATTCGGCGGAGCCAATCGTTGGGAATTGGCAAGTTCTCATCGCCGACCCACTGCAACACAAGCCTCAAGCACTAACCCCCCATTACATCAAGGAGACCTCGCATAGACTAGGGAGCAACACTTGCGCCCTACTCACATCGCTGGGTATCAGGGTCAACTCCACCAGAACCGACGACTTCGTGGACTACTCCGGAATCTTCGACAAACCTTTGTTTGGAGAAGTCATTGCCTTAGACAGACCAACTTTGGATCTGTTGGAATCTCACGGCATATTACCGCACTGTGCGCAGAAAGTCTTGGGGCAGGAATTCCACACAACGACAGTCTTGAGCTCGGTACCACTGAACCTGGTCAGAGAGAAACACTTGCTCTACATTGCGCTGACCAGACACAAACACAAGCTCCATGTCAGAGCTCCCGCGCTCACTCACACCGCCAAGTGATAACTCTAGTGCTATATTAGCTGTAGCAGTAGGTATAGGATTAGCTTTGTTTACTTTCACACTACTCTCCTATAAACTGCCTGTACCCGGGGATAACATACATTCACTTCCCTTTGGAGGATATTATCGCGACGGAACTAAAAGCATATCCTACAACTCCCCAAGATCACAAGCCTCAGCTAGTAAAAGCGTCCCAGCCTTGCTAGTTTTGGCCTTAGTGGCTGCCATTTATGGCATCACTTGGGGAGATAAAAATCGCGCTCGCGGTGTTCGTGCTTGCCCTTGCCATCTTCACTCTCCTCAATAGCAATAAAAGGGAAACCTGCCTTGTGGAAGTCTCTGCAACTTTGTCACGAGTTTCCGGGCAGGACTGTAGGCACATCACCCCAGAAATAATTCAGGCTCTAGGAGAAGCGCTAGTCGGTCTTAGGTTGTAGAAGTAGTTGAAAATTTACTAATTTAAGCTGTTTTCTTAGTTATCTAGTTTTCAGGAGAAAATGAGTGGAAAGTCAGAGTCATCCAACACTGGAAACTCCCCCTTCCCAAATCTCACTAAAGAGACAATGGCCAGCTTCAACTTCAAACCAAGTTCAAACTTGCTACCTAGCGAGGAAGAGCTCAAGATCATATCCACATTACTGGTGGCAGCTAAAATACCCAACGCAAGCACCACCATTGTTGCAATGGACTTGGTCAACTTCTGTTATGACAATGGGTCTAGTGTGTACACGGTGATTTCTGGTGAATCCTCAATCACTGGCATCACTCTGGCCCAGATTGCAAGTATTGTCAAGGCTTCCGGCACTTCACTACGAAAATTCTGCCGATTCTTTGCACCAGTAATTTGGAACCTGAGGACTGACAAAGTACCCCCCGCAAACTGGGAGAGCGCTGGGTACAAACCAACTGAGAAATTCGCCGCCTTTGACTTCTTTGACGGCGTTGAGAACCCAGCAGCCATGCAACCACCGGGAGGGCTCATTAGGTCTCCAAATCAAGCGGAGAGGATAGCCAACCAAACTAACAAACAGGTGAACCTCTTCCAAACCGCAGCCCAGGGAAATAACTTGGCCTCCAACTCTGCATTCATAACCAAGGGGCAGATTTCAACGTCCACTCCATCTATCCAGTTTCTCCCATCCCCAGAGTAGGTTTGCCTCAATTGATGCAGGCATTCCTGGCACTGGCCACAATAAAGTGTGTGTTTATTTAAAAGAATCGAGCGTTCGCTTGATTCAATGCTGAAGTCCACCTAAAAGACTTCCTAGTTTGGCTTTAATATTAGTTTTCC', source=NCBISource(taxid=2060511, host='Vasconcellea x heilbornii', segment='', isolate='Tandapi', strain='', clone=''), comment='PROVISIONAL REFSEQ: This record has not yet been subject to final NCBI review. The reference sequence is identical to MF978248.; COMPLETENESS: full length.')
# ---
# name: TestAccessionParse.test_parse_source[AB017504]
  NCBISource(taxid=1169032, host='', segment='', isolate='Tochigi', strain='wasabi', clone='')
# ---
# name: TestAccessionParse.test_parse_source[MH200607]
  NCBISource(taxid=1169032, host='Eutrema japonicum', segment='', isolate='WMoV-6.3', strain='', clone='')
# ---
# name: TestAccessionParse.test_parse_source[MT240513]
  NCBISource(taxid=2060511, host='Vasconcellea cundinamarcensis', segment='', isolate='AC2-6', strain='', clone='')
# ---
# name: TestAccessionParse.test_parse_source[NC_036587]
  NCBISource(taxid=2060511, host='Vasconcellea x heilbornii', segment='', isolate='Tandapi', strain='', clone='')
# ---
# name: TestAccessionParse.test_parse_source_taxid[AB017504]
  1169032
# ---
# name: TestAccessionParse.test_parse_source_taxid[MH200607]
  1169032
# ---
# name: TestAccessionParse.test_parse_source_taxid[MT240513]
  2060511
# ---
# name: TestAccessionParse.test_parse_source_taxid[NC_036587]
  2060511
# ---
# name: test_create_lineage_item_alias[lineage_data0]
  NCBILineage(id=2732397, name='Pararnavirae', rank='kingdom')
# ---
# name: test_create_lineage_item_alias[lineage_data1]
  NCBILineage(id=2732409, name='Artverviricota', rank='phylum')
# ---
