# serializer version: 1
# name: TestCreateOTU.test_empty_success
  dict({
    'acronym': '',
    'excluded_accessions': list([
    ]),
    'legacy_id': None,
    'name': 'Cabbage leaf curl Jamaica virus',
    'schema': None,
    'taxid': 345184,
  })
# ---
# name: TestCreateOTU.test_otu_autoschema[1278205-accessions0]
  dict({
    'acronym': '',
    'excluded_accessions': list([
    ]),
    'isolates': list([
      dict({
        'legacy_id': None,
        'name': dict({
          'type': isolate,
          'value': '4706174',
        }),
        'sequences': list([
          dict({
            'accession': 'NC_020160',
            'definition': 'Dahlia latent viroid, complete sequence',
            'legacy_id': None,
            'segment': '',
            'sequence': 'CAGGTCTTCTAAGGGTTCCTGTGGTGCCTCCCTCCAAGGCCGCGTAGGGAAAGAAAAAGTGAAAGAAAGTGTACCTGAAGAGAGAGAGACTCTCTGAGGAGCCCCGGGGCAACTCCGAGAGTGCTGCGGCAGGAGGAGCCGGGGGCGGAGGTTGTCTCGCTCTTGAGAGCTCCGCTCCTTGTAGCTTTGAGACTACCGCCCTTTTGCTTCCTTCTCGCTGGCTGACTCGAGGACGCGACCGGTGGTACACCAAGAGGTCTCCACCTCCTAGGGTACTTTTTTCTAACACCGATTCCGTACCGAGCGCCGGAGAGTGAAGCGCCCAGGGCTCCAAAGAAGCCC',
          }),
        ]),
      }),
    ]),
    'legacy_id': None,
    'name': 'Dahlia latent viroid',
    'schema': dict({
      'molecule': dict({
        'strandedness': 'single',
        'topology': 'linear',
        'type': 'RNA',
      }),
      'multipartite': False,
      'segments': list([
        dict({
          'length': 342,
          'name': 'Dahlia latent viroid',
          'required': True,
        }),
      ]),
    }),
    'taxid': 1278205,
  })
# ---
# name: TestCreateOTU.test_otu_autoschema[345184-accessions1]
  dict({
    'acronym': '',
    'excluded_accessions': list([
    ]),
    'isolates': list([
      dict({
        'legacy_id': None,
        'name': dict({
          'type': isolate,
          'value': 'CUc-3',
        }),
        'sequences': list([
          dict({
            'accession': 'DQ178610',
            'definition': 'Cabbage leaf curl Jamaica virus clone 1910 Cu3-A8 segment DNA-A, complete sequence',
            'legacy_id': None,
            'segment': 'DNA-A',
            'sequence': 'ACCGGATGGCCGCGATTTTTTGGAGTCATGCGTGGGACCACGCATTAAATGAAATCTAACCAATCACATGCCGCCTGAGAAGGTTAGATATTATGGCGTACTTAGTGCGCTGTGGGCCTATAAAAAGAAATGAAATTTCATTTTATGCTTTACTTCGAAATGCCTAAGCGGGATGCCCCGTGGCGTTCAATGGCGGGGACCTCTAAGGTGTCCCGCAATGCTAACTACTCACCTCGTGCAGGTATAACCCATAAATTTGATAAGGCCGCTGCCTGGGTTAACAGGCCCATGTACAGGAAGCCCAGGATTTATAGGATGTTTAGAAGCCCTGATGTTCCCAGAGGCTGTGAAGGCCCATGTAAGGTCCAATCTTATGAGCAGCGTCATGATATCTCACATGTTGGGAAGGTCATCTGCATTTCGGATATAACACGTGGCAATGGTATTACCCATCGTGTTGGGAAGCGTTTCTGCGTCAAGTCCGTCTACATTTTGGGCAAGATATGGATGGACGAGAATATCAAGCTCAAGAACCACACCAACAGTGTCATGTCTTGGTTGGTTAGGGACAGGAGACCTTATGGCACTCCTATGGAATTTGGGCAAGTGTTCAACATGTTCGACAACGAGCCCAGTACTGCTACTGTGAAGAACGATCTGCGTGATCGTTTTCAAGTCATGCATAAGTTCTACGCCAAGGTAACCGGTGGGCAGTATGCGAGTAACGAGCAGGCGCTGGTGAAGCGGTTCTGGAAGGTCAATAACTACGTGGTGTATAACCATCAAGAAGCAGGGAAATACGAGAATCATACGGAGAACGCTCTGTTATTGTATATGGCATGTACTCATGCCTCTAATCCTGTGTATGCGACATTGAAAATTCGGATCTATTTTTATGATTCGATAACAAATTAATAAATTTTGATTTTTATATCATGATTTTCGTGTACATGAGTTACATAGGATCTGTCCGTTGCGAAACGAACAGCTCTAATTACATGATTGATACCAATAACCCCTAGGTTATCTAAATGAGACATTACAAGGCATTTGAATCTACTTAAATATGTCGGCCCAGAAGCTCTCATCGAACTCGTCCAGACCTGGAAATTGAAGTAGGCTTTGTGGAGATCCAATGCTCTCCGTAGGTTGTGGTTGAACCGGACTTGGATGTGGTAGATCCTGGTTCTGGTGTACAACGGGTCCTCTACGCGTTGTATCTTGAAATACAGGGGATTTGGAACCTCCCAGATAAAAACGGAATTCTCTGCCTGAGCTACAGTGATGCTCTCCCCGGTGCGTGAATCCATTATCAGCGCAATTGATATGGAGGAAGATAGAACACCCGCAGTTCAAATCAATGCGTCTTCTGCGTACAGCTCTCCTTTTAGCAGTCTTGTGCTGTGCTTTGATAGAGGGGGGCTTCAAGGGTGATGAATTTCGCATTTTTGATAGTCCACGCTCTGAGTGATGCGTTTTCCTCTTTGTTGAGGAAACTTATATAACCGCTCCCCTCTCCTGGATTGCACAGCACGATTGAGGGTATGCCACCTTTAATTTGAACTGGTTTGCCGTACTTACAGTTTGATTGCCAGTCCCTTTGGGCCCCAATGAGCTCTTTCCAGTGCTTTAGCTTTAGATATTGCGGAGCTATGTCATCAATGACGTTATATTCCACATTATTTGAAAAGACCTTTGAATTAAAGTCGAGGTGCCCACTCAAATAATTATGTGGTCCTAATGCACGCGCCCACATGGTCTTGCCTGTTCGTGAATCACCTTCCACTATGATACTAATAGGTCTTTCCGGCCGCGCAGCGGCACTCCGACCAAAATAGTCATCTGCCCACTCTTGCATTTCGTCCGGGACGTTAGTAAAGGAGGAGAGGGGAAACGGAGGAGACCAAGGATCCGGAGCCTTACTGAAAATCCTATCGAGGTTACTGGATAGGTTGTGATACTGAAAAAGAAACTTCTCCGGGAGCTTTTCTTTAATGATTTTCATGGCCTCCTCCTTTGTTCCAGAGTTTAGTGCCTCGGCGGCTGCGTCGTTAGCTGTTTGCTGACCGCCTCTAGCACTTCTTCCGTCGATCTGGAACACTCCCCATTCAACTGTATCTCCGTCCTTGTCGATGTAGGACTTGACGTCGGAGCTGGATTTAGCTCCCTGTATGTTCGGATGGAAATGTGCTGACCGGGATGGGGAGACCAAGTCGAAGAATCTGTTATTCGTGCAGTTGTACTTCCCTTCGAACTGTATGAGAACGTGGATATGAGGCTCCCCATTTTCATGAAGCTCTCTGCATATTTTGATGAACTTCTTGTTCACCGGAGTGTTTATTTTTTGTAATTGGGAAAGTGCCTCTTCTTTGCTAAGAGAGCATCGTGGATACGTAAGGAAATAGTTTTTGGCTTTAACTGAGAAAGAGCCCTTTCGTGGCATATTTGTAAATATGGGTGTTCCCCCGATAGCTCTCTCGCTCAAAACTCCTATGAATTGGGGGAACTGGGGGAACTTATATAGTAGAAGTTCCTAAAGGCAAATCAACACGTGGCGGCCATCCGTTATAATATT',
          }),
          dict({
            'accession': 'DQ178611',
            'definition': 'Cabbage leaf curl Jamaica virus clone 1966 Cu3-B8 segment DNA-B, complete sequence',
            'legacy_id': None,
            'segment': 'DNA-B',
            'sequence': 'ACCGGATGGCCGCAAATTTTTTGGCGTCCTGGTGCTGGGGACCATCTCCCGGCCCCCCTTGGCGCACTATCTCTCATCTTTCGACGTGGCGCGTCGATGAGCGTTGGCTAACGCTTATCTCGGTGTTAGACCTTTAATTTGAATTTCGAAATAATTGGTCGTATATATCTATCTTGACCGGTCTTTGTGACGACAAAGCTTCTGACACATTGTACGATATATTGAGCGTGGTCCAATTATATTTTCTCTGCGGAGTTAGACTATCGCTTATTGTTATTCATCTTGTCTATATAATGGACGATAGGTTAATAATTTAAATCGTCTTTGACAATAACATTTAAATAACAAATCATTTTGTAGAGGAGCTGAGAATAATGTATCCTACAAAGTTTAGGCGTGGGACTTCTTACTCTCATAGACGATTTGTTTCACGTAATCCCTCTTTTAAGCGTGGAACTTTGGTTAGACGCACTGATGGGAAACGTCGTAAAGGCCCATCAAGCAAAGCCCATGATGAGCCTAAAATGAAATTACAACGCATACATGAAAATCAATATGGGCCTGAATTTGTCATGACCCACAACTCAGCTCTTTCAACATTCATTAATTTCCCGGTACTTGGGAAGATCGAACCTAACCGAAGCAGGTCGTATATTAAGTTGAATCGTTTATTATTTAAGGGAACCGTTAAGATTGAGCGTGTGCACGCTGATGTGAACATGGACGGAGTAAGTTCGAAGATAGAAGGTGTGTTCTCTCTTGTTATTGTTATGGATCGCAAGCCACATTTGAGTTCCGCTGGAGGTTTGCATACATTTGATGAAATATTTGGTGCAAGAATCCACAGCCATGGTAACTTAGCTATTACACCCGGTTTGAAAGATCGTTATTACGTGCTCCATGTTTTCAAACGCGTATTGTCTGTGGAGAAAGACACTTTGATGGTGGATCTTGAAGGATCGACCATGATATCTAATAGGCGTTATAACTGTTGGGCCTCGTTTAACGATCTTGAACATGACTCATGTAACGGTGTTTATGCGAATATAAGCAAAAATGCCATTTTAGTTTACTATTGTTGGATGTCCGATGCTATGTCTAAGGCATCGACCTTTGTATCTTACGATCTTGATTATTTAGGTTAATCCTGAATAAAATGGCGTTAAGATTGAATATATACATAAAAAATAAAAACAAGCAATTTTATTGCAATGACTTTGGTTGTGTAGGATTACAATTATTGTTAATACATTCCTGGACCGTCGTCCTAACTAGCTCGCTTAATTGGGCCACTGACATCGTTATGGTTGATTGGGCCCTCTGTAATCCAGCTTGTGATGCTGAATCCCCGGGGTCTAATGCGCTAGTTCCTAGCTGGTTGAGTTCTCTATATGGATGTAGCGCATTCTCCACTTCTGATTCAGTTTGTGGGTTTGTAAGCCCAATAGTGCTCCTTGAAGCCCATGAATCACCTGGTTGTAATTCAATTGGGCCTGTTAGTCCAATTCTTGACAATGATCTGGACCTCAACGTTTTCCTCTCCCATTTTCCGTAGTCCACATGGGAGAAATCAACATCTCTATGTGAAAATTGTTTGGAGTGAATTTTCACTGTTGGTGCCCGGAAGGGTATATCCACTGAATGTTTAGCTGTTGACAATTTCAATTTCCCTTTAAACTTGGCAAAATGTGTTCGTTGATGCACATTTGTGTCGCTAACCCTGTAATAGAGTTTCCACGGAATAGGGTCTTTTAGCGAGAAGAATGAAGATGAAAAATAGTGGAGATCTATGTTGCATCTTAAGGGAAATGTCCAAGACGCCTGTAAGGATTCATCGTCAGTCATCCTCTTATCATGGATCTCTACAATCACCGTCCCGGTTGCGTTAATTGGTACTTGCTGTCTATATTCGATGACGCAATGGTCGATTTTCATACAGCTACGATTAAGCCTTGCTGTAAATTGCGCTGCAGTTGAAGGGAATTGCAGTACTATTTCAGTAAGATCATGACATAGCTGATATTCGTCTCTATGAGACTCTATGTAATTAAACGCATTTGGAGCATTTGCTAGCTGAGAATCCATCTATAGAAATCTGCCCGCGCAGCGGCAGAGGCTTCAATAATATCTGGGTTCAAGAATAATTGTGTTGAAGAACACAACAATGAAACGACTTGTTTCACAAGGAGGAAGAGAGAATATCTGGGCTTGTTAACAAGAAGAAAATAATGATATTTTAAAGGAATGATGAATATGTTATGTTATTCCGATAACATGAGTATAATAATCTAAGTCCACCTTGTTTATATAGAGAGTGATTTTCCAGAAGTTGGAAACGCCTTGAATTTCATTTTAGTGGCATTATTGTAAATATGGGTGTTCCCCCGATAGCGCTCTCGCTCAAAACTCCTATGAATTGGGGGAACTGGGGGAACTTATATAGTAGAAGTTCCTAAAGGCAAATCAACACGTGGCGGCCATCCGTTATAGTATT',
          }),
        ]),
      }),
    ]),
    'legacy_id': None,
    'name': 'Cabbage leaf curl Jamaica virus',
    'schema': dict({
      'molecule': dict({
        'strandedness': 'double',
        'topology': 'circular',
        'type': 'DNA',
      }),
      'multipartite': True,
      'segments': list([
        dict({
          'length': 2575,
          'name': 'DNA-A',
          'required': True,
        }),
        dict({
          'length': 2494,
          'name': 'DNA-B',
          'required': True,
        }),
      ]),
    }),
    'taxid': 345184,
  })
# ---
# name: TestCreateOTUCommands.test_autofill
  dict({
    'acronym': '',
    'excluded_accessions': list([
    ]),
    'legacy_id': None,
    'name': 'Cabbage leaf curl Jamaica virus',
    'schema': dict({
      'molecule': dict({
        'strandedness': 'double',
        'topology': 'circular',
        'type': 'DNA',
      }),
      'multipartite': True,
      'segments': list([
        dict({
          'length': 2575,
          'name': 'DNA-A',
          'required': True,
        }),
        dict({
          'length': 2494,
          'name': 'DNA-B',
          'required': True,
        }),
      ]),
    }),
    'taxid': 345184,
  })
# ---
# name: TestCreateOTUCommands.test_autofill_with_schema
  OTUSchema(molecule=Molecule(strandedness='double', type='DNA', topology='circular'), segments=[Segment(name='DNA-A', required=True, length=2575), Segment(name='DNA-B', required=True, length=2494)], multipartite=True)
# ---
# name: TestCreateOTUCommands.test_autoschema[1278205-accessions0]
  dict({
    'acronym': '',
    'excluded_accessions': list([
    ]),
    'legacy_id': None,
    'name': 'Dahlia latent viroid',
    'schema': dict({
      'molecule': dict({
        'strandedness': 'single',
        'topology': 'linear',
        'type': 'RNA',
      }),
      'multipartite': False,
      'segments': list([
        dict({
          'length': 342,
          'name': 'Dahlia latent viroid',
          'required': True,
        }),
      ]),
    }),
    'taxid': 1278205,
  })
# ---
# name: TestCreateOTUCommands.test_autoschema[345184-accessions1]
  dict({
    'acronym': '',
    'excluded_accessions': list([
    ]),
    'legacy_id': None,
    'name': 'Cabbage leaf curl Jamaica virus',
    'schema': dict({
      'molecule': dict({
        'strandedness': 'double',
        'topology': 'circular',
        'type': 'DNA',
      }),
      'multipartite': True,
      'segments': list([
        dict({
          'length': 2575,
          'name': 'DNA-A',
          'required': True,
        }),
        dict({
          'length': 2494,
          'name': 'DNA-B',
          'required': True,
        }),
      ]),
    }),
    'taxid': 345184,
  })
# ---
# name: TestUpdateOTU.test_success_no_exclusions
  list([
    dict({
      'acronym': '',
      'excluded_accessions': list([
      ]),
      'legacy_id': None,
      'name': 'Cabbage leaf curl Jamaica virus',
      'schema': None,
      'taxid': 345184,
    }),
  ])
# ---
